{
 "ecocds/1077": {
  "2012-10-20 10:00:00": {
   "cdom": "14.421715"
  },
  "2012-10-20 11:00:00": {
   "cdom": "15.32482"
  },
  "2012-10-20 14:00:00": {
   "cdom": "12.770135"
  },
  "2012-10-20 21:00:00": {
   "cdom": "11.460715"
  }
 },
 "header info": {
  "extracted by": "Framer",
  "extractor version": "1.7",
  "extracted on": "2019-07-14 21:53",
  "data file": "data.raw",
  "operations": "framer/fitter/reduced/averaged",
  "strings": {
   "ecocds/1077": [
    "datefield",
    "timefield"
   ],
   "wqm/80": [
    "wqmsn1",
    "wqmhdr",
    "wqmsn",
    "wqmdate",
    "wqmtime"
   ]
  },
  "fitter": true,
  "reduced": true,
  "averaged": true,
  "averaged interval": 15
 },
 "storx/27": {
  "2012-10-20 10:00:00": {
   "psvolt": "12.5717746"
  },
  "2012-10-20 11:00:00": {
   "psvolt": "12.5713087"
  },
  "2012-10-20 14:00:00": {
   "psvolt": "12.5672544"
  },
  "2012-10-20 21:00:00": {
   "psvolt": "12.5653742"
  }
 },
 "suna/3": {
  "2012-10-20 10:00:00": {
   "nitrate_um": "7.94474878",
   "spec_avg": "13320.7"
  },
  "2012-10-20 11:00:00": {
   "nitrate_um": "7.86955924",
   "spec_avg": "13199.8"
  },
  "2012-10-20 14:00:00": {
   "nitrate_um": "7.50425916",
   "spec_avg": "13345.4"
  },
  "2012-10-20 21:00:00": {
   "nitrate_um": "7.46402984",
   "spec_avg": "13389.1"
  }
 },
 "wqm/80": {
  "2012-10-20 10:00:00": {
   "cond": "3.35945933",
   "t": "10.1048267",
   "press": "0.214",
   "salinity": "30.3518667",
   "oxsat": "6.49293333",
   "do": "5.39513333",
   "fluor": "1.42206667",
   "ntu": "0.5686",
   "beta": "0.007284"
  },
  "2012-10-20 11:00:00": {
   "cond": "3.36075133",
   "t": "10.09142",
   "press": "0.21",
   "salinity": "30.3762",
   "oxsat": "6.49373333",
   "do": "5.39833333",
   "fluor": "1.07146667",
   "ntu": "0.5846",
   "beta": "0.007324"
  },
  "2012-10-20 14:00:00": {
   "cond": "3.37512",
   "t": "10.2451571",
   "press": "0.194285714",
   "salinity": "30.391",
   "oxsat": "6.47092857",
   "do": "5.44657143",
   "fluor": "1.30907143",
   "ntu": "0.633214286",
   "beta": "0.00744571429"
  },
  "2012-10-20 21:00:00": {
   "cond": "3.39570467",
   "t": "10.4581333",
   "press": "0.142666667",
   "salinity": "30.4178667",
   "oxsat": "6.43973333",
   "do": "5.38993333",
   "fluor": "1.3104",
   "ntu": "0.6484",
   "beta": "0.007484"
  }
 }
}