time	instrument	beta	cdom	cond	do	fluor	nitrate_um	ntu	oxsat	press	psvolt	salinity	spec_avg	t
2012-10-20 10:00:00	ecocds/1077		14.42172											
2012-10-20 10:00:00	storx/27										12.57177			
2012-10-20 10:00:00	suna/3						7.944749						13320.7	
2012-10-20 10:00:00	wqm/80	0.007284		3.359459	5.395133	1.422067		0.5686	6.492933	0.214		30.35187		10.10483
2012-10-20 11:00:00	ecocds/1077		15.32482											
2012-10-20 11:00:00	storx/27										12.57131			
2012-10-20 11:00:00	suna/3						7.869559						13199.8	
2012-10-20 11:00:00	wqm/80	0.007324		3.360751	5.398333	1.071467		0.5846	6.493733	0.21		30.3762		10.09142
2012-10-20 14:00:00	ecocds/1077		12.77013											
2012-10-20 14:00:00	storx/27										12.56725			
2012-10-20 14:00:00	suna/3						7.504259						13345.4	
2012-10-20 14:00:00	wqm/80	0.007445714		3.37512	5.446571	1.309071		0.6332143	6.470929	0.1942857		30.391		10.24516
2012-10-20 21:00:00	ecocds/1077		11.46072											
2012-10-20 21:00:00	storx/27										12.56537			
2012-10-20 21:00:00	suna/3						7.46403						13389.1	
2012-10-20 21:00:00	wqm/80	0.007484		3.395705	5.389933	1.3104		0.6484	6.439733	0.1426667		30.41787		10.45813
