 instrument records min date            max date           
----------- ------- ------------------- -------------------
ecocds/1077       4 2012-10-20 10:00:00 2012-10-20 21:00:00
   storx/27       4 2012-10-20 10:00:00 2012-10-20 21:00:00
     suna/3       4 2012-10-20 10:00:00 2012-10-20 21:00:00
     wqm/80       4 2012-10-20 10:00:00 2012-10-20 21:00:00
----------- ------- ------------------- -------------------
      total      16 2012-10-20 10:00:00 2012-10-20 21:00:00
