 instrument      field records       min      max        mean      std dev
----------- ---------- ------- --------- -------- ----------- ------------
ecocds/1077       cdom       4  11.46072 15.32482    13.49435     1.489193
   storx/27     psvolt       4  12.56537 12.57177    12.56893  0.002701911
     suna/3 nitrate_um       4   7.46403 7.944749    7.695649    0.2136428
     suna/3   spec_avg       4   13199.8  13389.1    13313.75     70.20016
     wqm/80       beta       4  0.007284 0.007484 0.007384429 8.277669e-05
     wqm/80       cond       4  3.359459 3.395705    3.372759   0.01460431
     wqm/80         do       4  5.389933 5.446571    5.407493   0.02276031
     wqm/80      fluor       4  1.071467 1.422067    1.278251    0.1278927
     wqm/80        ntu       4    0.5686   0.6484   0.6087036   0.03303733
     wqm/80      oxsat       4  6.439733 6.493733    6.474332   0.02197198
     wqm/80      press       4 0.1426667    0.214   0.1902381   0.02843671
     wqm/80   salinity       4  30.35187 30.41787    30.38423    0.0239224
     wqm/80          t       4  10.09142 10.45813    10.22488    0.1475149
